[26Sep2026 13:43:26.800] [main/INFO] [net.neoforged.fml.startup.Entrypoint/]: JVM Uptime at startup: 720ms
[26Sep2026 13:43:26.812] [main/INFO] [net.neoforged.fml.loading.FMLLoader/]: Starting FancyModLoader version 11.0.15 (CLIENT in DEV)
[26Sep2026 13:43:26.812] [main/INFO] [net.neoforged.fml.loading.FMLLoader/]: Game directory: /Users/shashankaggarwal/Documents/nonmints 2.0/uncraftable-strawberry-pickax/java/run
[26Sep2026 13:43:26.844] [main/INFO] [net.neoforged.fml.loading.EarlyServiceDiscovery/]: Found 2 early service jars (out of 102) in 9ms
[26Sep2026 13:43:26.845] [main/INFO] [net.neoforged.fml.loading.FMLLoader/]: Loading FML Early Services:
[26Sep2026 13:43:26.845] [main/INFO] [net.neoforged.fml.loading.FMLLoader/]:  - /Users/shashankaggarwal/.mcreator/gradle/caches/modules-2/files-2.1/net.neoforged.fancymodloader/loader/11.0.15/69ddd98736a6b095783523404d1af8992842722/loader-11.0.15.jar
[26Sep2026 13:43:26.845] [main/INFO] [net.neoforged.fml.loading.FMLLoader/]:  - /Users/shashankaggarwal/.mcreator/gradle/caches/modules-2/files-2.1/net.neoforged.fancymodloader/earlydisplay/11.0.15/b254aa4ec40828f8ce65411dcb7fb9f6ce008064/earlydisplay-11.0.15.jar
[26Sep2026 13:43:26.848] [main/INFO] [net.neoforged.fml.loading.ImmediateWindowHandler/]: Loading ImmediateWindowProvider fmlearlywindow
[26Sep2026 13:43:28.536] [main/WARN] [EARLYDISPLAY/]: Failed to set window icon: [0x1000C] Cocoa: Regular windows do not have icons on macOS
[26Sep2026 13:43:28.839] [ForkJoinPool.commonPool-worker-7/INFO] [net.neoforged.fml.loading.moddiscovery.locators.GameLocator/]: Detected a joined NeoForge and Minecraft configuration. Applying filtering...
[26Sep2026 13:43:28.899] [fml-loadingscreen/INFO] [net.neoforged.fml.earlydisplay.render.LoadingScreenRenderer/]: GL info: Apple M1 GL version 4.1 Metal - 90.5, Apple
[26Sep2026 13:43:29.279] [ForkJoinPool.commonPool-worker-7/INFO] [net.neoforged.fml.loading.moddiscovery.locators.InDevFolderLocator/CORE]: Got mod coordinates mcreator%%/Users/shashankaggarwal/Documents/nonmints 2.0/uncraftable-strawberry-pickax/java/build/classes/java/main:mcreator%%/Users/shashankaggarwal/Documents/nonmints 2.0/uncraftable-strawberry-pickax/java/build/resources/main from env
[26Sep2026 13:43:29.870] [ForkJoinPool.commonPool-worker-7/INFO] [net.neoforged.fml.loading.moddiscovery.locators.JarInJarDependencyLocator/]: Found 2 dependencies adding them to mods collection
[26Sep2026 13:43:29.871] [ForkJoinPool.commonPool-worker-7/INFO] [net.neoforged.fml.loading.moddiscovery.ModDiscoverer/]: 
     Mod List:
		Name Version (Mod Id)

		Minecraft 26.1.2 (minecraft)
		NeoForge 26.1.2.95 (neoforge)
		Strawberry Minecraft 1.0.0 (strawberrymc)
[26Sep2026 13:43:30.224] [main/INFO] [mixin/]: SpongePowered MIXIN Subsystem Version=0.8.7 Source=file:/Users/shashankaggarwal/.mcreator/gradle/caches/modules-2/files-2.1/net.fabricmc/sponge-mixin/0.17.3+mixin.0.8.7/41c4a3984a80f4679e759fb9f495587acc5cdac7/sponge-mixin-0.17.3+mixin.0.8.7.jar Service=FML Env=CLIENT
[26Sep2026 13:43:30.237] [main/INFO] [net.neoforged.fml.loading.FMLLoader/]: Loading FML Plugins:
[26Sep2026 13:43:30.237] [main/INFO] [net.neoforged.fml.loading.FMLLoader/]:  - /Users/shashankaggarwal/.mcreator/gradle/caches/modules-2/files-2.1/net.neoforged/neoforge/26.1.2.95/b2c6a32bb07fe4e8f919bfb76cf1645be0a17b48/neoforge-26.1.2.95-universal.jar > net.neoforged.neoforge-coremods-26.1.2.95.jar
[26Sep2026 13:43:30.279] [main/INFO] [net.neoforged.fml.loading.FMLLoader/]: Building game content classloader:
 - minecraft (composite(filtered(jar(/Users/shashankaggarwal/Documents/nonmints 2.0/uncraftable-strawberry-pickax/java/build/moddev/artifacts/minecraft-patched-26.1.2.95.jar)), filtered(jar(/Users/shashankaggarwal/Documents/nonmints 2.0/uncraftable-strawberry-pickax/java/build/moddev/artifacts/minecraft-patched-26.1.2.95.jar))))
 - mixinextras.neoforge (jar(/Users/shashankaggarwal/.mcreator/gradle/caches/modules-2/files-2.1/net.neoforged/neoforge/26.1.2.95/b2c6a32bb07fe4e8f919bfb76cf1645be0a17b48/neoforge-26.1.2.95-universal.jar > mixinextras-neoforge-0.5.4.jar))
 - neoforge (composite(filtered(jar(/Users/shashankaggarwal/.mcreator/gradle/caches/modules-2/files-2.1/net.neoforged/neoforge/26.1.2.95/b2c6a32bb07fe4e8f919bfb76cf1645be0a17b48/neoforge-26.1.2.95-universal.jar))))
 - net.neoforged.fml.generated (empty(VirtualJar/net.neoforged.fml.generated))
 - strawberrymc (composite(folder(/Users/shashankaggarwal/Documents/nonmints 2.0/uncraftable-strawberry-pickax/java/build/classes/java/main), folder(/Users/shashankaggarwal/Documents/nonmints 2.0/uncraftable-strawberry-pickax/java/build/resources/main)))
[26Sep2026 13:43:30.285] [main/INFO] [net.neoforged.fml.loading.FMLLoader/]: Built game content classloader in 10ms
[26Sep2026 13:43:30.367] [main/INFO] [mixin/]: Compatibility level set to JAVA_25
[26Sep2026 13:43:31.587] [Datafixer Bootstrap/INFO] [com.mojang.datafixers.DataFixerBuilder/]: 294 Datafixer optimizations took 466 milliseconds
[26Sep2026 13:43:32.933] [pool-8-thread-1/INFO] [MixinExtras|Service/]: Initializing MixinExtras via com.llamalad7.mixinextras.service.MixinExtrasServiceImpl(version=0.5.4).
[26Sep2026 13:43:36.390] [main/WARN] [net.minecraft.commands.Commands/]: Ambiguity between arguments [teleport, location] and [teleport, destination] with inputs: [0.1 -0.5 .9, 0 0 0]
[26Sep2026 13:43:36.392] [main/WARN] [net.minecraft.commands.Commands/]: Ambiguity between arguments [teleport, location] and [teleport, targets] with inputs: [0.1 -0.5 .9, 0 0 0]
[26Sep2026 13:43:36.394] [main/WARN] [net.minecraft.commands.Commands/]: Ambiguity between arguments [teleport, destination] and [teleport, targets] with inputs: [Player, 0123, @e, dd12be42-52a9-4a91-a8a1-11c01849e498]
[26Sep2026 13:43:36.395] [main/WARN] [net.minecraft.commands.Commands/]: Ambiguity between arguments [teleport, targets] and [teleport, destination] with inputs: [Player, 0123, dd12be42-52a9-4a91-a8a1-11c01849e498]
[26Sep2026 13:43:36.396] [main/WARN] [net.minecraft.commands.Commands/]: Ambiguity between arguments [teleport, targets, location] and [teleport, targets, destination] with inputs: [0.1 -0.5 .9, 0 0 0]
[26Sep2026 13:43:36.398] [main/WARN] [net.minecraft.commands.Commands/]: Ambiguity between arguments [time, set, time] and [time, set, timemarker] with inputs: [0, 0s, 0d, 0t]
[26Sep2026 13:43:36.399] [main/WARN] [net.minecraft.commands.Commands/]: Ambiguity between arguments [time, set, timemarker] and [time, set, time] with inputs: [012]
[26Sep2026 13:43:36.400] [main/WARN] [net.minecraft.commands.Commands/]: Ambiguity between arguments [time, of, clock, set, time] and [time, of, clock, set, timemarker] with inputs: [0, 0s, 0d, 0t]
[26Sep2026 13:43:36.401] [main/WARN] [net.minecraft.commands.Commands/]: Ambiguity between arguments [time, of, clock, set, timemarker] and [time, of, clock, set, time] with inputs: [012]
[26Sep2026 13:43:36.403] [main/WARN] [net.minecraft.commands.Commands/]: Ambiguity between arguments [waypoint, modify, waypoint, color, reset] and [waypoint, modify, waypoint, color, color] with inputs: [reset]
[26Sep2026 13:43:36.460] [modloading-worker-0/INFO] [net.neoforged.neoforge.common.NeoForgeMod/NEOFORGE-MOD]: NeoForge mod loading, version 26.1.2.95, for MC 26.1.2
[26Sep2026 13:43:37.208] [Render thread/INFO] [com.mojang.authlib.yggdrasil.YggdrasilAuthenticationService/]: Environment: Environment[sessionHost=https://sessionserver.mojang.com, servicesHost=https://api.minecraftservices.com, profilesHost=https://api.mojang.com, name=PROD]
[26Sep2026 13:43:37.221] [Render thread/INFO] [net.minecraft.client.Minecraft/]: Setting user: Dev
[26Sep2026 13:43:37.284] [Render thread/INFO] [net.minecraft.client.Minecraft/]: Backend library: LWJGL version 3.4.1+2
[26Sep2026 13:43:37.794] [Render thread/INFO] [net.minecraft.client.Minecraft/]: Using optional rendering extensions: GL_EXT_texture_filter_anisotropic
[26Sep2026 13:43:39.661] [Render thread/INFO] [net.minecraft.server.packs.resources.ReloadableResourceManager/]: Reloading ResourceManager: vanilla, mod_resources, mod/neoforge, mod/strawberrymc
[26Sep2026 13:43:40.406] [resourceLoad/INFO] [net.minecraft.client.gui.font.providers.UnihexProvider/]: Found unifont_pua-17.0.01.hex, loading
[26Sep2026 13:43:40.434] [resourceLoad/INFO] [net.minecraft.client.gui.font.providers.UnihexProvider/]: Found unifont_all_no_pua-17.0.01.hex, loading
[26Sep2026 13:43:40.759] [resourceLoad/INFO] [net.minecraft.client.gui.font.providers.UnihexProvider/]: Found unifont_jp_patch-17.0.01.hex, loading
[26Sep2026 13:43:41.580] [Render thread/INFO] [com.mojang.blaze3d.opengl.GlProgram/]: Info log when linking program containing VS minecraft:core/entity and FS minecraft:core/entity. Log output: WARNING: Could not find vertex shader attribute 'UV1' to match BindAttributeLocation request.

[26Sep2026 13:43:41.581] [Render thread/INFO] [com.mojang.blaze3d.opengl.GlProgram/]: Info log when linking program containing VS minecraft:core/entity and FS minecraft:core/entity. Log output: WARNING: Could not find vertex shader attribute 'UV1' to match BindAttributeLocation request.

[26Sep2026 13:43:41.586] [Render thread/INFO] [com.mojang.blaze3d.opengl.GlProgram/]: Info log when linking program containing VS minecraft:core/rendertype_text_background_see_through and FS minecraft:core/rendertype_text_background_see_through. Log output: WARNING: Could not find vertex shader attribute 'UV2' to match BindAttributeLocation request.

[26Sep2026 13:43:41.595] [Render thread/INFO] [com.mojang.blaze3d.opengl.GlProgram/]: Info log when linking program containing VS minecraft:core/entity and FS minecraft:core/entity. Log output: WARNING: Could not find vertex shader attribute 'UV1' to match BindAttributeLocation request.
WARNING: Could not find vertex shader attribute 'Normal' to match BindAttributeLocation request.
WARNING: Could not find vertex shader attribute 'UV2' to match BindAttributeLocation request.

[26Sep2026 13:43:41.603] [Render thread/INFO] [com.mojang.blaze3d.opengl.GlProgram/]: Info log when linking program containing VS minecraft:core/entity and FS minecraft:core/entity. Log output: WARNING: Could not find vertex shader attribute 'UV2' to match BindAttributeLocation request.

[26Sep2026 13:43:41.612] [Render thread/INFO] [com.mojang.blaze3d.opengl.GlProgram/]: Info log when linking program containing VS minecraft:core/rendertype_text_intensity_see_through and FS minecraft:core/rendertype_text_intensity_see_through. Log output: WARNING: Could not find vertex shader attribute 'UV2' to match BindAttributeLocation request.

[26Sep2026 13:43:41.617] [Render thread/INFO] [com.mojang.blaze3d.opengl.GlProgram/]: Info log when linking program containing VS minecraft:core/rendertype_crumbling and FS minecraft:core/rendertype_crumbling. Log output: WARNING: Could not find vertex shader attribute 'UV2' to match BindAttributeLocation request.

[26Sep2026 13:43:41.620] [Render thread/INFO] [com.mojang.blaze3d.opengl.GlProgram/]: Info log when linking program containing VS minecraft:core/entity and FS minecraft:core/entity. Log output: WARNING: Could not find vertex shader attribute 'UV1' to match BindAttributeLocation request.
WARNING: Could not find vertex shader attribute 'Normal' to match BindAttributeLocation request.
WARNING: Could not find vertex shader attribute 'UV2' to match BindAttributeLocation request.

[26Sep2026 13:43:41.635] [Render thread/INFO] [com.mojang.blaze3d.opengl.GlProgram/]: Info log when linking program containing VS minecraft:core/animate_sprite and FS minecraft:core/animate_sprite_blit. Log output: WARNING: Output of vertex shader 'fAnimationProgress' not read by fragment shader

[26Sep2026 13:43:41.638] [Render thread/INFO] [com.mojang.blaze3d.opengl.GlProgram/]: Info log when linking program containing VS minecraft:core/rendertype_beacon_beam and FS minecraft:core/rendertype_beacon_beam. Log output: WARNING: Could not find vertex shader attribute 'UV2' to match BindAttributeLocation request.

[26Sep2026 13:43:41.642] [Render thread/INFO] [com.mojang.blaze3d.opengl.GlProgram/]: Info log when linking program containing VS minecraft:core/entity and FS minecraft:core/entity. Log output: WARNING: Could not find vertex shader attribute 'UV1' to match BindAttributeLocation request.

[26Sep2026 13:43:41.650] [Render thread/INFO] [com.mojang.blaze3d.opengl.GlProgram/]: Info log when linking program containing VS minecraft:core/rendertype_entity_shadow and FS minecraft:core/rendertype_entity_shadow. Log output: WARNING: Could not find vertex shader attribute 'UV1' to match BindAttributeLocation request.
WARNING: Could not find vertex shader attribute 'Normal' to match BindAttributeLocation request.
WARNING: Could not find vertex shader attribute 'UV2' to match BindAttributeLocation request.

[26Sep2026 13:43:41.656] [Render thread/INFO] [com.mojang.blaze3d.opengl.GlProgram/]: Info log when linking program containing VS neoforge:core/item_unlit and FS minecraft:core/item. Log output: WARNING: Could not find vertex shader attribute 'UV1' to match BindAttributeLocation request.
WARNING: Could not find vertex shader attribute 'Normal' to match BindAttributeLocation request.
WARNING: Could not find vertex shader attribute 'UV2' to match BindAttributeLocation request.

[26Sep2026 13:43:41.657] [Render thread/INFO] [com.mojang.blaze3d.opengl.GlProgram/]: Info log when linking program containing VS neoforge:core/item_unlit and FS minecraft:core/item. Log output: WARNING: Could not find vertex shader attribute 'UV1' to match BindAttributeLocation request.
WARNING: Could not find vertex shader attribute 'Normal' to match BindAttributeLocation request.
WARNING: Could not find vertex shader attribute 'UV2' to match BindAttributeLocation request.

[26Sep2026 13:43:41.665] [Render thread/INFO] [com.mojang.blaze3d.opengl.GlProgram/]: Info log when linking program containing VS minecraft:core/item and FS minecraft:core/item. Log output: WARNING: Could not find vertex shader attribute 'UV1' to match BindAttributeLocation request.

[26Sep2026 13:43:41.668] [Render thread/INFO] [com.mojang.blaze3d.opengl.GlProgram/]: Info log when linking program containing VS minecraft:core/rendertype_text_see_through and FS minecraft:core/rendertype_text_see_through. Log output: WARNING: Could not find vertex shader attribute 'UV2' to match BindAttributeLocation request.

[26Sep2026 13:43:41.670] [Render thread/INFO] [com.mojang.blaze3d.opengl.GlProgram/]: Info log when linking program containing VS minecraft:core/entity and FS minecraft:core/entity. Log output: WARNING: Could not find vertex shader attribute 'UV1' to match BindAttributeLocation request.

[26Sep2026 13:43:41.685] [Render thread/INFO] [com.mojang.blaze3d.opengl.GlProgram/]: Info log when linking program containing VS minecraft:core/entity and FS minecraft:core/entity. Log output: WARNING: Could not find vertex shader attribute 'UV1' to match BindAttributeLocation request.

[26Sep2026 13:43:41.688] [Render thread/INFO] [com.mojang.blaze3d.opengl.GlProgram/]: Info log when linking program containing VS minecraft:core/entity and FS minecraft:core/entity. Log output: WARNING: Could not find vertex shader attribute 'Normal' to match BindAttributeLocation request.

[26Sep2026 13:43:41.691] [Render thread/INFO] [com.mojang.blaze3d.opengl.GlProgram/]: Info log when linking program containing VS minecraft:core/entity and FS minecraft:core/entity. Log output: WARNING: Could not find vertex shader attribute 'UV1' to match BindAttributeLocation request.
WARNING: Could not find vertex shader attribute 'Normal' to match BindAttributeLocation request.

[26Sep2026 13:43:41.691] [Render thread/INFO] [com.mojang.blaze3d.opengl.GlProgram/]: Info log when linking program containing VS minecraft:core/rendertype_beacon_beam and FS minecraft:core/rendertype_beacon_beam. Log output: WARNING: Could not find vertex shader attribute 'UV2' to match BindAttributeLocation request.

[26Sep2026 13:43:41.692] [Render thread/INFO] [com.mojang.blaze3d.opengl.GlProgram/]: Info log when linking program containing VS minecraft:core/item and FS minecraft:core/item. Log output: WARNING: Could not find vertex shader attribute 'UV1' to match BindAttributeLocation request.

[26Sep2026 13:43:44.081] [Render thread/INFO] [com.mojang.blaze3d.audio.Library/]: OpenAL initialized on device MacBook Air Speakers
[26Sep2026 13:43:44.085] [Render thread/INFO] [net.minecraft.client.sounds.SoundEngine/SOUNDS]: Sound engine started
[26Sep2026 13:43:44.086] [Render thread/INFO] [net.minecraft.client.renderer.texture.TextureAtlas/]: Created: 512x256x0 minecraft:textures/atlas/particles.png-atlas
[26Sep2026 13:43:44.099] [Render thread/INFO] [net.minecraft.client.renderer.texture.TextureAtlas/]: Created: 128x128x0 minecraft:textures/atlas/decorated_pot.png-atlas
[26Sep2026 13:43:44.103] [Render thread/INFO] [net.minecraft.client.renderer.texture.TextureAtlas/]: Created: 2048x1024x0 minecraft:textures/atlas/armor_trims.png-atlas
[26Sep2026 13:43:44.122] [Render thread/INFO] [net.minecraft.client.renderer.texture.TextureAtlas/]: Created: 512x256x0 minecraft:textures/atlas/paintings.png-atlas
[26Sep2026 13:43:44.124] [Render thread/INFO] [net.minecraft.client.renderer.texture.TextureAtlas/]: Created: 1024x512x0 minecraft:textures/atlas/shield_patterns.png-atlas
[26Sep2026 13:43:44.125] [Render thread/INFO] [net.minecraft.client.renderer.texture.TextureAtlas/]: Created: 1024x1024x2 minecraft:textures/atlas/blocks.png-atlas
[26Sep2026 13:43:44.169] [Render thread/INFO] [net.minecraft.client.renderer.texture.TextureAtlas/]: Created: 512x512x0 minecraft:textures/atlas/chest.png-atlas
[26Sep2026 13:43:44.170] [Render thread/INFO] [net.minecraft.client.renderer.texture.TextureAtlas/]: Created: 256x128x0 minecraft:textures/atlas/celestials.png-atlas
[26Sep2026 13:43:44.171] [Render thread/INFO] [net.minecraft.client.renderer.texture.TextureAtlas/]: Created: 1024x512x0 minecraft:textures/atlas/banner_patterns.png-atlas
[26Sep2026 13:43:44.172] [Render thread/INFO] [net.minecraft.client.renderer.texture.TextureAtlas/]: Created: 512x512x0 minecraft:textures/atlas/beds.png-atlas
[26Sep2026 13:43:44.173] [Render thread/INFO] [net.minecraft.client.renderer.texture.TextureAtlas/]: Created: 1024x512x0 minecraft:textures/atlas/items.png-atlas
[26Sep2026 13:43:44.185] [Render thread/INFO] [net.minecraft.client.renderer.texture.TextureAtlas/]: Created: 1024x1024x0 minecraft:textures/atlas/gui.png-atlas
[26Sep2026 13:43:44.194] [Render thread/INFO] [net.minecraft.client.renderer.texture.TextureAtlas/]: Created: 128x64x0 minecraft:textures/atlas/map_decorations.png-atlas
[26Sep2026 13:43:44.195] [Render thread/INFO] [net.minecraft.client.renderer.texture.TextureAtlas/]: Created: 512x256x0 minecraft:textures/atlas/signs.png-atlas
[26Sep2026 13:43:44.196] [Render thread/INFO] [net.minecraft.client.renderer.texture.TextureAtlas/]: Created: 512x512x0 minecraft:textures/atlas/shulker_boxes.png-atlas
[26Sep2026 13:43:44.295] [Render thread/INFO] [net.neoforged.neoforge.client.entity.animation.json.AnimationLoader/]: Loaded 0 entity animations
[26Sep2026 13:43:52.584] [Render thread/INFO] [net.minecraft.world.item.crafting.RecipeManager/]: Loaded 1559 recipes
[26Sep2026 13:43:52.594] [Render thread/INFO] [net.minecraft.advancements.AdvancementTree/]: Loaded 1661 advancements
[26Sep2026 13:43:52.596] [Render thread/INFO] [net.neoforged.neoforge.common.crafting.RecipePriorityManager/]: Loaded 0 recipe priority overrides
[26Sep2026 13:43:52.816] [Server thread/INFO] [net.minecraft.client.server.IntegratedServer/]: Starting integrated minecraft server version 26.1.2
[26Sep2026 13:43:52.816] [Server thread/INFO] [net.minecraft.server.MinecraftServer/]: Generating keypair
[26Sep2026 13:43:53.373] [Server thread/INFO] [net.minecraft.server.level.progress.LoggingLevelLoadListener/]: Loading 0 persistent chunks...
[26Sep2026 13:43:53.386] [Server thread/INFO] [net.minecraft.server.MinecraftServer/]: Saving chunks for level 'ServerLevel[Test Creative]'/minecraft:overworld
[26Sep2026 13:43:53.402] [Server thread/INFO] [net.minecraft.server.MinecraftServer/]: Saving chunks for level 'ServerLevel[Test Creative]'/minecraft:the_nether
[26Sep2026 13:43:53.412] [Server thread/INFO] [net.minecraft.server.MinecraftServer/]: Saving chunks for level 'ServerLevel[Test Creative]'/minecraft:the_end
[26Sep2026 13:43:53.444] [Server thread/INFO] [net.minecraft.server.MinecraftServer/]: ThreadedAnvilChunkStorage (world): All chunks are saved
[26Sep2026 13:43:53.444] [Server thread/INFO] [net.minecraft.server.MinecraftServer/]: ThreadedAnvilChunkStorage (DIM-1): All chunks are saved
[26Sep2026 13:43:53.444] [Server thread/INFO] [net.minecraft.server.MinecraftServer/]: ThreadedAnvilChunkStorage (DIM1): All chunks are saved
[26Sep2026 13:43:53.448] [Server thread/INFO] [net.minecraft.server.MinecraftServer/]: ThreadedAnvilChunkStorage: All dimensions are saved
[26Sep2026 13:43:53.452] [Server thread/INFO] [net.neoforged.neoforge.server.permission.PermissionAPI/]: Successfully initialized permission handler neoforge:default_handler
[26Sep2026 13:43:54.035] [Server thread/INFO] [net.minecraft.server.level.progress.LoggingLevelLoadListener/]: Loading 49 chunks for player spawn...
[26Sep2026 13:43:54.035] [Server thread/INFO] [net.minecraft.server.level.progress.LoggingLevelLoadListener/]: Preparing spawn area: 16%
[26Sep2026 13:43:54.056] [Server thread/INFO] [net.minecraft.server.level.progress.LoggingLevelLoadListener/]: Preparing spawn area: 16%
[26Sep2026 13:43:54.406] [Server thread/INFO] [net.minecraft.server.level.progress.LoggingLevelLoadListener/]: Preparing spawn area: 16%
[26Sep2026 13:43:54.508] [Server thread/INFO] [net.minecraft.server.level.progress.LoggingLevelLoadListener/]: Time elapsed: 1136 ms
[26Sep2026 13:43:54.804] [Server thread/INFO] [net.minecraft.server.players.PlayerList/]: Dev[local:E:aec7f2c0] logged in with entity id 39 at (-272.0592894545796, 28.0, 173.81949728752258)
[26Sep2026 13:43:54.844] [Server thread/INFO] [net.minecraft.server.MinecraftServer/]: Dev joined the game
[26Sep2026 13:43:54.951] [Render thread/WARN] [net.minecraft.client.multiplayer.ClientPacketListener/]: Ignoring chat session from Dev due to missing Services public key
[26Sep2026 13:43:54.981] [Server thread/INFO] [net.minecraft.client.server.IntegratedServer/]: Changing view distance to 5, from 10
[26Sep2026 13:43:54.986] [Server thread/INFO] [net.minecraft.client.server.IntegratedServer/]: Changing simulation distance to 12, from 0
[26Sep2026 13:43:54.991] [Render thread/INFO] [net.minecraft.client.renderer.DynamicUniformStorage/]: Resizing Dynamic Transforms UBO, capacity limit of 2 reached during a single frame. New capacity will be 4.
[26Sep2026 13:43:55.022] [Render thread/INFO] [net.minecraft.client.renderer.DynamicUniformStorage/]: Resizing Dynamic Transforms UBO, capacity limit of 4 reached during a single frame. New capacity will be 8.
[26Sep2026 13:43:55.034] [Render thread/INFO] [net.minecraft.advancements.AdvancementTree/]: Loaded 2 advancements
[26Sep2026 13:43:55.378] [Render thread/INFO] [net.minecraft.client.renderer.DynamicUniformStorage/]: Resizing Chunk Sections UBO, capacity limit of 2 reached during a single frame. New capacity will be 8.
[26Sep2026 13:43:55.481] [Render thread/INFO] [net.minecraft.client.renderer.DynamicUniformStorage/]: Resizing Chunk Sections UBO, capacity limit of 8 reached during a single frame. New capacity will be 16.
[26Sep2026 13:43:55.571] [Render thread/INFO] [net.minecraft.client.renderer.DynamicUniformStorage/]: Resizing Chunk Sections UBO, capacity limit of 16 reached during a single frame. New capacity will be 32.
[26Sep2026 13:43:55.850] [Render thread/INFO] [net.minecraft.client.renderer.DynamicUniformStorage/]: Resizing Chunk Sections UBO, capacity limit of 32 reached during a single frame. New capacity will be 64.
[26Sep2026 13:43:56.900] [Render thread/INFO] [net.minecraft.client.renderer.DynamicUniformStorage/]: Resizing Chunk Sections UBO, capacity limit of 64 reached during a single frame. New capacity will be 128.
[26Sep2026 13:44:00.808] [Render thread/INFO] [net.minecraft.client.renderer.DynamicUniformStorage/]: Resizing Chunk Sections UBO, capacity limit of 128 reached during a single frame. New capacity will be 256.
[26Sep2026 13:44:54.398] [Server thread/INFO] [net.minecraft.server.MinecraftServer/]: [Dev: Gave 1 [Stick] to Dev]
[26Sep2026 13:44:54.406] [Render thread/INFO] [net.minecraft.client.gui.components.ChatComponent/]: [System] [CHAT] Gave 1 [Stick] to Dev
[26Sep2026 13:44:54.410] [Render thread/INFO] [net.minecraft.advancements.AdvancementTree/]: Loaded 10 advancements
[26Sep2026 13:45:07.929] [Render thread/INFO] [net.minecraft.client.gui.components.ChatComponent/]: [System] [CHAT] 255 is higher than the maximum level of 2 supported by that enchantment
[26Sep2026 13:45:24.563] [Render thread/INFO] [net.minecraft.client.renderer.DynamicUniformStorage/]: Resizing Dynamic Transforms UBO, capacity limit of 8 reached during a single frame. New capacity will be 16.
[26Sep2026 13:45:28.060] [Render thread/INFO] [net.minecraft.advancements.AdvancementTree/]: Loaded 12 advancements
[26Sep2026 13:46:38.653] [Server thread/INFO] [net.minecraft.server.MinecraftServer/]: Dev has made the advancement [The End?]
[26Sep2026 13:46:38.691] [Render thread/INFO] [net.minecraft.client.gui.components.ChatComponent/]: [System] [CHAT] Dev has made the advancement [The End?]
[26Sep2026 13:46:38.696] [Render thread/INFO] [net.minecraft.advancements.AdvancementTree/]: Loaded 27 advancements
[26Sep2026 13:46:40.503] [Server thread/INFO] [net.minecraft.world.level.dimension.end.EnderDragonFight/]: Scanning for legacy world dragon fight...
[26Sep2026 13:46:40.504] [Server thread/INFO] [net.minecraft.world.level.dimension.end.EnderDragonFight/]: Found that the dragon has not yet been killed in this world.
[26Sep2026 13:46:41.326] [Server thread/WARN] [net.minecraft.server.MinecraftServer/]: Can't keep up! Is the server overloaded? Running 2729ms or 54 ticks behind
[26Sep2026 13:47:12.941] [Render thread/INFO] [net.minecraft.client.gui.components.ChatComponent/]: [System] [CHAT] Saved screenshot as 2026-09-26_13.47.12.png
[26Sep2026 13:47:13.216] [Render thread/INFO] [net.minecraft.client.gui.components.ChatComponent/]: [System] [CHAT] Saved screenshot as 2026-09-26_13.47.12_2.png
[26Sep2026 13:47:13.637] [Render thread/INFO] [net.minecraft.client.gui.components.ChatComponent/]: [System] [CHAT] Saved screenshot as 2026-09-26_13.47.13.png
[26Sep2026 13:47:48.447] [Server thread/INFO] [net.minecraft.client.server.IntegratedServer/]: Saving and pausing game...
[26Sep2026 13:47:48.516] [Server thread/INFO] [net.minecraft.server.MinecraftServer/]: Saving chunks for level 'ServerLevel[Test Creative]'/minecraft:overworld
[26Sep2026 13:47:48.527] [Server thread/INFO] [net.minecraft.server.MinecraftServer/]: Saving chunks for level 'ServerLevel[Test Creative]'/minecraft:the_nether
[26Sep2026 13:47:48.528] [Server thread/INFO] [net.minecraft.server.MinecraftServer/]: Saving chunks for level 'ServerLevel[Test Creative]'/minecraft:the_end
[26Sep2026 13:48:11.377] [Render thread/WARN] [net.minecraft.util.profiling.ActiveProfiler/]: Something's taking too long! 'root' took aprox 114.594458 ms
[26Sep2026 13:48:38.230] [Render thread/INFO] [net.minecraft.client.gui.components.ChatComponent/]: [System] [CHAT] Unknown or incomplete command. See below for error
[26Sep2026 13:48:38.232] [Render thread/INFO] [net.minecraft.client.gui.components.ChatComponent/]: [System] [CHAT] place<--[HERE]
[26Sep2026 13:48:46.558] [Render thread/INFO] [net.minecraft.client.gui.components.ChatComponent/]: [System] [CHAT] Failed to place structure
[26Sep2026 13:48:59.589] [Render thread/INFO] [net.minecraft.client.gui.components.ChatComponent/]: [System] [CHAT] Failed to place structure
[26Sep2026 13:49:07.013] [Render thread/INFO] [net.minecraft.client.gui.components.ChatComponent/]: [System] [CHAT] Failed to place structure
[26Sep2026 13:49:17.523] [Render thread/INFO] [net.minecraft.client.gui.components.ChatComponent/]: [System] [CHAT] Unknown or incomplete command. See below for error
[26Sep2026 13:49:17.524] [Render thread/INFO] [net.minecraft.client.gui.components.ChatComponent/]: [System] [CHAT] w<--[HERE]
[26Sep2026 13:49:20.211] [Render thread/INFO] [net.minecraft.client.gui.components.ChatComponent/]: [System] [CHAT] Failed to place structure
[26Sep2026 13:49:31.785] [Render thread/INFO] [net.minecraft.client.gui.components.ChatComponent/]: [System] [CHAT] Failed to place structure
[26Sep2026 13:49:35.712] [Render thread/INFO] [net.minecraft.client.gui.components.ChatComponent/]: [System] [CHAT] Failed to place structure
[26Sep2026 13:49:37.311] [Render thread/INFO] [net.minecraft.client.gui.components.ChatComponent/]: [System] [CHAT] Failed to place structure
[26Sep2026 13:49:39.036] [Render thread/INFO] [net.minecraft.client.gui.components.ChatComponent/]: [System] [CHAT] Failed to place structure
[26Sep2026 13:49:39.836] [Render thread/INFO] [net.minecraft.client.gui.components.ChatComponent/]: [System] [CHAT] Failed to place structure
[26Sep2026 13:49:40.527] [Render thread/INFO] [net.minecraft.client.gui.components.ChatComponent/]: [System] [CHAT] Failed to place structure
[26Sep2026 13:49:41.194] [Render thread/INFO] [net.minecraft.client.gui.components.ChatComponent/]: [System] [CHAT] Failed to place structure
[26Sep2026 13:49:41.834] [Render thread/INFO] [net.minecraft.client.gui.components.ChatComponent/]: [System] [CHAT] Failed to place structure
[26Sep2026 13:49:42.511] [Render thread/INFO] [net.minecraft.client.gui.components.ChatComponent/]: [System] [CHAT] Failed to place structure
[26Sep2026 13:49:43.116] [Render thread/INFO] [net.minecraft.client.gui.components.ChatComponent/]: [System] [CHAT] Failed to place structure
[26Sep2026 13:49:43.803] [Render thread/INFO] [net.minecraft.client.gui.components.ChatComponent/]: [System] [CHAT] Failed to place structure
[26Sep2026 13:49:44.483] [Render thread/INFO] [net.minecraft.client.gui.components.ChatComponent/]: [System] [CHAT] Failed to place structure
[26Sep2026 13:49:45.249] [Render thread/INFO] [net.minecraft.client.gui.components.ChatComponent/]: [System] [CHAT] Failed to place structure
[26Sep2026 13:49:45.954] [Render thread/INFO] [net.minecraft.client.gui.components.ChatComponent/]: [System] [CHAT] Unknown or incomplete command. See below for error
[26Sep2026 13:49:45.954] [Render thread/INFO] [net.minecraft.client.gui.components.ChatComponent/]: [System] [CHAT] <--[HERE]
[26Sep2026 13:51:19.638] [Server thread/INFO] [net.minecraft.server.commands.LocateCommand/]: Locating element minecraft:end_city took 55 ms
[26Sep2026 13:51:19.640] [Render thread/INFO] [net.minecraft.client.gui.components.ChatComponent/]: [System] [CHAT] The nearest minecraft:end_city is at [1984, ~, -864] (437 blocks away)
[26Sep2026 13:51:46.156] [Server thread/INFO] [net.minecraft.server.MinecraftServer/]: [Dev: Teleported Dev to 1984.500000, 87.311309, -863.500000]
[26Sep2026 13:51:46.160] [Render thread/INFO] [net.minecraft.client.gui.components.ChatComponent/]: [System] [CHAT] Teleported Dev to 1984.500000, 87.311309, -863.500000
[26Sep2026 13:52:11.935] [Server thread/INFO] [net.minecraft.server.MinecraftServer/]: Dev has made the advancement [The City at the End of the Game]
[26Sep2026 13:52:11.942] [Render thread/INFO] [net.minecraft.client.gui.components.ChatComponent/]: [System] [CHAT] Dev has made the advancement [The City at the End of the Game]
[26Sep2026 13:52:11.991] [Render thread/INFO] [net.minecraft.advancements.AdvancementTree/]: Loaded 30 advancements
[26Sep2026 13:54:26.127] [Render thread/INFO] [net.minecraft.client.renderer.DynamicUniformStorage/]: Resizing Dynamic Transforms UBO, capacity limit of 16 reached during a single frame. New capacity will be 32.
[26Sep2026 13:55:23.221] [Server thread/INFO] [net.minecraft.client.server.IntegratedServer/]: Saving and pausing game...
[26Sep2026 13:55:23.230] [Server thread/INFO] [net.minecraft.server.MinecraftServer/]: Saving chunks for level 'ServerLevel[Test Creative]'/minecraft:overworld
[26Sep2026 13:55:23.231] [Server thread/INFO] [net.minecraft.server.MinecraftServer/]: Saving chunks for level 'ServerLevel[Test Creative]'/minecraft:the_nether
[26Sep2026 13:55:23.232] [Server thread/INFO] [net.minecraft.server.MinecraftServer/]: Saving chunks for level 'ServerLevel[Test Creative]'/minecraft:the_end
[26Sep2026 13:55:24.595] [Render thread/INFO] [net.minecraft.client.Minecraft/]: Stopping!
[26Sep2026 13:55:24.670] [Server thread/INFO] [net.minecraft.server.MinecraftServer/]: Stopping server
[26Sep2026 13:55:24.670] [Server thread/INFO] [net.minecraft.server.MinecraftServer/]: Saving players
[26Sep2026 13:55:24.675] [Server thread/INFO] [net.minecraft.server.network.ServerGamePacketListenerImpl/]: Dev lost connection: Disconnected
[26Sep2026 13:55:24.675] [Server thread/INFO] [net.minecraft.server.MinecraftServer/]: Dev left the game
[26Sep2026 13:55:24.678] [Server thread/INFO] [net.minecraft.server.network.ServerCommonPacketListenerImpl/]: Stopping singleplayer server as player logged out
[26Sep2026 13:55:24.678] [Server thread/INFO] [net.minecraft.server.MinecraftServer/]: Saving worlds
[26Sep2026 13:55:24.827] [Server thread/INFO] [net.minecraft.server.MinecraftServer/]: Saving chunks for level 'ServerLevel[Test Creative]'/minecraft:overworld
[26Sep2026 13:55:24.859] [Server thread/INFO] [net.minecraft.server.MinecraftServer/]: Saving chunks for level 'ServerLevel[Test Creative]'/minecraft:the_nether
[26Sep2026 13:55:24.868] [Server thread/INFO] [net.minecraft.server.MinecraftServer/]: Saving chunks for level 'ServerLevel[Test Creative]'/minecraft:the_end
[26Sep2026 13:55:24.979] [Server thread/INFO] [net.minecraft.server.MinecraftServer/]: ThreadedAnvilChunkStorage (world): All chunks are saved
[26Sep2026 13:55:24.979] [Server thread/INFO] [net.minecraft.server.MinecraftServer/]: ThreadedAnvilChunkStorage (DIM-1): All chunks are saved
[26Sep2026 13:55:24.979] [Server thread/INFO] [net.minecraft.server.MinecraftServer/]: ThreadedAnvilChunkStorage (DIM1): All chunks are saved
[26Sep2026 13:55:24.979] [Server thread/INFO] [net.minecraft.server.MinecraftServer/]: ThreadedAnvilChunkStorage: All dimensions are saved
